Running on iPhone 17 Pro Max - iOS 26.2 - 518BFF77-0941-448B-8D37-67678F4506C7
 > Flow ios
Launch app "org.linmsoft.rmms" with clear state and clear keychain... COMPLETED
Assert that id: sc-home is visible... COMPLETED
Take screenshot A11-LAUNCH... COMPLETED
Tap on id: btn-home-login... COMPLETED
Assert that id: f-user is visible... COMPLETED
Tap on id: f-user... COMPLETED
Erase text... COMPLETED
Input text linm-soft... COMPLETED
Tap on (Optional) "QUẢN LÝ BẢO TRÌ ĐƯỜNG BỘ"... COMPLETED
Tap on id: f-pass... COMPLETED
Erase text... COMPLETED
Input text Linm@2026... COMPLETED
Tap on (Optional) "Not Now"... WARNED
Take screenshot A9-LOGIN... COMPLETED
Tap on (Optional) id: btn-login... COMPLETED
Tap on (Optional) "Đăng nhập"... WARNED
Tap on (Optional) "Not Now"... WARNED
Press Enter key... COMPLETED
Wait for animation to end within 4000 ms... COMPLETED
Assert that id: sc-home is visible... COMPLETED
Tap on (Optional) id: tab-field... WARNED
Tap on (Optional) id: tile-patrol... COMPLETED
Tap on (Optional) "Tuần đường"... COMPLETED
Assert that id: sc-patrol-home is visible... COMPLETED
Assert that id: patrol-hero is visible... COMPLETED
Scroll vertically... COMPLETED
Scroll vertically... COMPLETED
Assert that (Optional) id: row-quick-field-reflect is visible... COMPLETED
Tap on (Optional) id: row-quick-field-reflect... COMPLETED
Tap on (Optional) "Ghi nhận hư hỏng"... WARNED
Tap on (Optional) "Allow"... WARNED
Tap on (Optional) "OK"... WARNED
Tap on (Optional) "While Using the App"... WARNED
Tap on (Optional) "Allow While Using App"... WARNED
Assert that id: sc-field-pick is visible... COMPLETED
Assert that (Optional) id: banner-pick is visible... COMPLETED
Assert that (Optional) id: asset-grid is visible... WARNED
Tap on (Optional) id: ak32-PAVEMENT... WARNED
Tap on (Optional) "Mặt đường"... WARNED
Tap on (Optional) id: ak32-BRIDGE... COMPLETED
Tap on (Optional) "Cầu"... COMPLETED
Assert that id: sc-field-reflect is visible... COMPLETED
Assert that "Ghi nhận hư hỏng" is visible... COMPLETED
Assert that (Optional) id: kind-pills is visible... COMPLETED
Assert that (Optional) id: photo-row is visible... COMPLETED
Assert that (Optional) "Vị trí đã chốt" is visible... COMPLETED
Assert that (Optional) id: btn-create is visible... WARNED
Take screenshot A3-CORE... COMPLETED
Scroll vertically... COMPLETED
Assert that (Optional) id: btn-draft is visible... COMPLETED
Take screenshot P6-CORE-2... COMPLETED