Running on Pixel_2
 > Flow android
Launch app "com.drvn.rmms.store" with clear state and clear keychain... COMPLETED
Assert that id: sc-home is visible... COMPLETED
Tap on (Optional) id: btn-home-login... COMPLETED
Tap on (Optional) "Đăng nhập"... COMPLETED
Assert that id: f-user is visible... COMPLETED
Tap on id: f-user... COMPLETED
Erase text... COMPLETED
Input text linm-soft... COMPLETED
Hide Keyboard... COMPLETED
Tap on id: f-pass... COMPLETED
Erase text... COMPLETED
Input text Linm@2026... COMPLETED
Hide Keyboard... COMPLETED
Tap on (Optional) id: btn-login... COMPLETED
Wait for animation to end within 8000 ms... COMPLETED
Assert that id: tab-bar is visible... COMPLETED
Tap on id: tab-work... COMPLETED
Assert that id: sc-mnt-list is visible... COMPLETED
Assert that "Danh sách công việc" is visible... COMPLETED
Scrolling DOWN until id: btn-mnt-log-f9d4817e-56a1-467d-a17d-443b6f2e8838 is visible with speed 40, visibility percentage 100%, timeout 20000 ms, with centering enabled... COMPLETED
Tap on id: btn-mnt-log-f9d4817e-56a1-467d-a17d-443b6f2e8838... COMPLETED
Assert that id: sc-mnt-log is visible... COMPLETED
Assert that "Nhật ký xử lý" is visible... COMPLETED
Assert that id: wo-header is visible... COMPLETED
Assert that id: section-log is visible... COMPLETED
Take screenshot P6-CORE... COMPLETED
Scroll vertically... COMPLETED
Assert that id: sc-mnt-log is visible... COMPLETED
Take screenshot P6-CORE-2... COMPLETED
Picked up JAVA_TOOL_OPTIONS: -Xmx4g
Picked up JAVA_TOOL_OPTIONS: -Xmx4g