Running on Pixel_2
 > Flow android
Launch app "org.linmsoft.rmms" with clear state and clear keychain... COMPLETED
Assert that id: sc-home is visible... COMPLETED
Take screenshot A11-LAUNCH... COMPLETED
Tap on (Optional) id: btn-home-login... COMPLETED
Tap on (Optional) "Đăng nhập"... COMPLETED
Assert that id: f-user is visible... COMPLETED
Tap on id: f-user... COMPLETED
Erase text... COMPLETED
Input text linm-soft... COMPLETED
Tap on "QUẢN LÝ BẢO TRÌ ĐƯỜNG BỘ"... COMPLETED
Tap on id: f-pass... COMPLETED
Erase text... COMPLETED
Input text Linm@2026... COMPLETED
Press Enter key... COMPLETED
Wait for animation to end within 4000 ms... COMPLETED
Take screenshot A9-LOGIN... COMPLETED
Tap on (Optional) id: btn-login... WARNED


 Warning: Element not found: Id matching regex: btn-login
Tap on (Optional) "Đăng nhập"... WARNED


 Warning: Element not found: Text matching regex: Đăng nhập
Assert that id: sc-home is visible... COMPLETED
Tap on (Optional) id: tab-me... COMPLETED
Tap on (Optional) "Tôi"... COMPLETED
Assert that id: row-profile is visible... COMPLETED
Tap on id: row-profile... COMPLETED
Assert that id: sc-me-profile is visible... COMPLETED
Assert that "Hồ sơ" is visible... COMPLETED
Assert that id: avatar-person is visible... COMPLETED
Assert that id: f-fullName is visible... COMPLETED
Assert that id: f-phone is visible... COMPLETED
Assert that id: f-email is visible... COMPLETED
Assert that id: btn-save is visible... COMPLETED
Tap on id: f-phone... COMPLETED
Erase text... COMPLETED
Input text 0901234567... COMPLETED
Press Enter key... COMPLETED
Wait for animation to end within 2000 ms... COMPLETED
Tap on (Optional) id: btn-save... COMPLETED
Tap on (Optional) "Lưu"... COMPLETED
Assert that (Optional) "Đã cập nhật hồ sơ" is visible... WARNED


 Warning: Assertion is false: "Đã cập nhật hồ sơ" is visible
Assert that id: sc-me-profile is visible... COMPLETED
Take screenshot A3-CORE... COMPLETED
Take screenshot P6-CORE... COMPLETED
Scroll vertically... COMPLETED
Assert that id: section-pwd is visible... COMPLETED
Assert that id: f-curPwd is visible... COMPLETED
Assert that id: btn-change-pwd is visible... COMPLETED
Take screenshot P6-CORE-2... COMPLETED