Running on Pixel_2
 > Flow crawl-android
Launch app "org.linmsoft.rmms" with clear state and clear keychain... COMPLETED
Assert that id: sc-home is visible... COMPLETED
Tap on (Optional) id: btn-home-login... COMPLETED
Assert that id: f-user is visible... COMPLETED
Tap on id: f-user... COMPLETED
Erase text... COMPLETED
Input text linm-soft... COMPLETED
Tap on (Optional) "QUẢN LÝ BẢO TRÌ ĐƯỜNG BỘ"... COMPLETED
Tap on (Optional) "RMMS"... COMPLETED
Tap on id: f-pass... COMPLETED
Erase text... COMPLETED
Input text Linm@2026... COMPLETED
Tap on (Optional) "QUẢN LÝ BẢO TRÌ ĐƯỜNG BỘ"... COMPLETED
Tap on (Optional) "RMMS"... COMPLETED
Tap on (Optional) id: btn-login... COMPLETED
Tap on (Optional) "Đăng nhập"... WARNED


 Warning: Element not found: Text matching regex: Đăng nhập
Tap on (Optional) "Not Now"... WARNED


 Warning: Element not found: Text matching regex: Not Now
Assert that id: home-who is visible... COMPLETED
Tap on (Optional) id: tab-work... COMPLETED
Tap on (Optional) "Công việc"... COMPLETED
Tap on point (70%,96%)... COMPLETED
Assert that id: sc-mnt-list is visible... COMPLETED
Tap on id: btn-mnt-sync-demo-wo-1... COMPLETED
Assert that id: sc-mnt-progress is visible... COMPLETED