Running on iPhone 17 Pro Max - iOS 26.2 - 518BFF77-0941-448B-8D37-67678F4506C7
 > Flow ios
Launch app "org.linmsoft.rmms" with clear state and clear keychain... COMPLETED
Assert that id: sc-home is visible... COMPLETED
Take screenshot A11-LAUNCH... COMPLETED
Tap on (Optional) id: btn-home-login... COMPLETED
Tap on (Optional) "Đăng nhập"... COMPLETED
Assert that id: f-user is visible... COMPLETED
Tap on id: f-user... COMPLETED
Erase text... COMPLETED
Input text linm-soft... COMPLETED
Tap on (Optional) "QUẢN LÝ BẢO TRÌ ĐƯỜNG BỘ"... COMPLETED
Tap on (Optional) "RMMS"... COMPLETED
Tap on id: f-pass... COMPLETED
Erase text... COMPLETED
Input text Linm@2026... COMPLETED
Tap on (Optional) "Not Now"... WARNED
Take screenshot A9-LOGIN... COMPLETED
Tap on (Optional) id: btn-login... COMPLETED
Tap on (Optional) "Đăng nhập"... WARNED
Tap on (Optional) "Not Now"... WARNED
Press Enter key... COMPLETED
Wait for animation to end within 4000 ms... COMPLETED
Assert that id: sc-home is visible... COMPLETED
Tap on (Optional) id: tab-me... WARNED
Tap on (Optional) "Tôi"... COMPLETED
Assert that id: row-settings is visible... COMPLETED
Tap on id: row-settings... COMPLETED
Assert that id: sc-me-settings is visible... COMPLETED
Assert that "Cài đặt" is visible... COMPLETED
Assert that "Quyền ứng dụng" is visible... COMPLETED
Assert that id: row-location is visible... COMPLETED
Assert that id: row-camera is visible... COMPLETED
Assert that id: row-notify-os is visible... COMPLETED
Assert that id: btn-open-os is visible... COMPLETED
Assert that "Đồng bộ" is visible... COMPLETED
Assert that id: row-offline is visible... COMPLETED
Take screenshot A3-CORE... COMPLETED
Take screenshot P6-CORE... COMPLETED
Scroll vertically... COMPLETED
Scroll vertically... COMPLETED
Assert that "Thông tin" is visible... COMPLETED
Assert that id: row-version is visible... COMPLETED
Assert that "Phiên bản" is visible... COMPLETED
Assert that id: row-privacy is visible... COMPLETED
Take screenshot P6-CORE-2... COMPLETED