Running on Pixel_2
 > Flow android
Launch app "org.linmsoft.rmms" with clear state and clear keychain... COMPLETED
Assert that id: sc-home is visible... COMPLETED
Tap on (Optional) id: btn-home-login... COMPLETED
Tap on (Optional) "Đăng nhập"... COMPLETED
Assert that id: f-user is visible... COMPLETED
Tap on id: f-user... COMPLETED
Erase text... COMPLETED
Input text linm-soft... COMPLETED
Tap on "QUẢN LÝ BẢO TRÌ ĐƯỜNG BỘ"... COMPLETED
Tap on id: f-pass... COMPLETED
Erase text... COMPLETED
Input text Linm@2026... COMPLETED
Press Enter key... COMPLETED
Wait for animation to end within 4000 ms... COMPLETED
Tap on (Optional) id: btn-login... WARNED


 Warning: Element not found: Id matching regex: btn-login
Tap on (Optional) "Đăng nhập"... WARNED


 Warning: Element not found: Text matching regex: Đăng nhập
Assert that id: sc-home is visible... COMPLETED
Assert that "Trang Chủ" is visible... COMPLETED
Tap on id: tab-field... COMPLETED
Assert that id: sc-patrol-home is visible... COMPLETED
Scrolling DOWN until id: row-quick-patrol-history is visible with speed 40, visibility percentage 100%, timeout 15000 ms, with centering disabled... COMPLETED
Tap on (Optional) id: row-quick-patrol-history... COMPLETED
Tap on (Optional) "Lịch sử phiên"... WARNED


 Warning: Element not found: Text matching regex: Lịch sử phiên
Assert that id: sc-patrol-history is visible... COMPLETED
Assert that "Lịch sử ca" is visible... COMPLETED
Assert that "Lọc" is visible... COMPLETED
Assert that "Hoàn thành" is visible... COMPLETED
Take screenshot P6-CORE... COMPLETED
Scrolling DOWN until "Mất sóng" is visible with speed 40, visibility percentage 100%, timeout 10000 ms, with centering disabled... COMPLETED
Assert that "Mất sóng" is visible... COMPLETED
Take screenshot P6-CORE-2... COMPLETED
Assert that id: sc-patrol-history is visible... COMPLETED