Running on iPhone 17 Pro Max - iOS 26.2 - 518BFF77-0941-448B-8D37-67678F4506C7
 > Flow ios
Launch app "org.linmsoft.rmms" with clear state and clear keychain... COMPLETED
Assert that id: sc-home is visible... COMPLETED
Take screenshot A11-LAUNCH... COMPLETED
Tap on (Optional) id: btn-home-login... COMPLETED
Tap on (Optional) "Đăng nhập"... COMPLETED
Assert that id: f-user is visible... COMPLETED
Tap on (Optional) id: f-user... COMPLETED
Tap on (Optional) "Tài khoản"... COMPLETED
Erase text... COMPLETED
Input text linm-soft... COMPLETED
Tap on (Optional) "QUẢN LÝ BẢO TRÌ ĐƯỜNG BỘ"... COMPLETED
Tap on (Optional) "RMMS"... COMPLETED
Tap on (Optional) id: f-pass... COMPLETED
Tap on (Optional) "Mật khẩu"... COMPLETED
Erase text... COMPLETED
Input text Linm@2026... COMPLETED
Tap on (Optional) "Not Now"... WARNED
Take screenshot A9-LOGIN... COMPLETED
Tap on (Optional) id: btn-login... COMPLETED
Tap on (Optional) "Đăng nhập"... WARNED
Tap on (Optional) "Not Now"... WARNED
Assert that id: sc-home is visible... COMPLETED
Assert that id: home-who is visible... COMPLETED
Tap on (Optional) id: tab-field... WARNED
Tap on (Optional) id: tile-patrol... COMPLETED
Tap on "Tuần đường"... COMPLETED
Assert that id: sc-patrol-home is visible... COMPLETED
Scrolling DOWN until id: row-quick-patrol-history is visible with speed 40, visibility percentage 100%, timeout 15000 ms, with centering disabled... COMPLETED
Tap on (Optional) id: row-quick-patrol-history... COMPLETED
Tap on (Optional) "Lịch sử phiên"... WARNED
Assert that id: sc-patrol-history is visible... COMPLETED
Assert that "Lịch sử ca" is visible... COMPLETED
Assert that "Lọc" is visible... COMPLETED
Assert that "Hoàn thành" is visible... COMPLETED
Scrolling DOWN until "Mất sóng" is visible with speed 40, visibility percentage 100%, timeout 10000 ms, with centering disabled... COMPLETED
Assert that "Mất sóng" is visible... COMPLETED
Take screenshot A3-CORE... COMPLETED