Running on Pixel_2
 > Flow android
Launch app "org.linmsoft.rmms" with clear state and clear keychain... COMPLETED
Assert that id: sc-home is visible... COMPLETED
Tap on id: btn-home-login... COMPLETED
Assert that id: f-user is visible... COMPLETED
Tap on id: f-user... COMPLETED
Erase text... COMPLETED
Input text linm-soft... COMPLETED
Tap on "QUẢN LÝ BẢO TRÌ ĐƯỜNG BỘ"... COMPLETED
Tap on id: f-pass... COMPLETED
Erase text... COMPLETED
Input text Linm@2026... COMPLETED
Press Enter key... COMPLETED
Wait for animation to end within 4000 ms... COMPLETED
Tap on (Optional) id: btn-login... WARNED


 Warning: Element not found: Id matching regex: btn-login
Tap on (Optional) "Đăng nhập"... WARNED


 Warning: Element not found: Text matching regex: Đăng nhập
Assert that "Trang Chủ" is visible... COMPLETED
Assert that id: sc-home is visible... COMPLETED
Scrolling DOWN until id: tile-incident is visible with speed 40, visibility percentage 100%, timeout 15000 ms, with centering disabled... COMPLETED
Tap on (Optional) id: tile-incident... COMPLETED
Tap on (Optional) id: tab-incident... COMPLETED
Assert that id: sc-incident-list is visible... COMPLETED
Assert that "Quản lý vấn đề" is visible... COMPLETED
Assert that "Nứt mặt đường" is visible... COMPLETED
Tap on (Optional) id: btn-inc-detail-4b0d2722-e072-4775-8976-ec06952fc804... COMPLETED
Run flow when id: sc-incident-detail is not visible...
Run flow when id: sc-incident-detail is not visible... SKIPPED
Assert that id: sc-incident-detail is visible... COMPLETED
Assert that "Mã" is visible... COMPLETED
Assert that "Mã" is visible... COMPLETED
Assert that "Loại" is visible... COMPLETED
Assert that "Vị trí ghim tự động" is visible... COMPLETED
Assert that "Định vị" is visible... COMPLETED
Assert that "Giao việc xử lý" is visible... COMPLETED
Assert that "Xem trên bản đồ" is visible... COMPLETED
Assert that "Đóng sự cố" is visible... COMPLETED
Assert that (Optional) id: btn-assign is visible... COMPLETED
Assert that (Optional) id: btn-close is visible... COMPLETED
Take screenshot P6-CORE... COMPLETED
Scroll vertically... COMPLETED
Assert that id: sc-incident-detail is visible... COMPLETED
Take screenshot P6-CORE-2... COMPLETED