Running on iPhone 17 Pro Max - iOS 26.2 - 518BFF77-0941-448B-8D37-67678F4506C7
 > Flow ios
Launch app "org.linmsoft.rmms" with clear state and clear keychain... COMPLETED
Assert that id: sc-home is visible... COMPLETED
Take screenshot A11-LAUNCH... COMPLETED
Tap on id: btn-home-login... COMPLETED
Assert that id: f-user is visible... COMPLETED
Tap on (Optional) id: f-user... COMPLETED
Tap on (Optional) "Tài khoản"... COMPLETED
Input text linm-soft... COMPLETED
Tap on (Optional) id: f-pass... COMPLETED
Tap on (Optional) "Mật khẩu"... COMPLETED
Input text Linm@2026... COMPLETED
Tap on (Optional) "RMMS"... COMPLETED
Take screenshot A9-LOGIN... COMPLETED
Tap on (Optional) id: btn-login... COMPLETED
Tap on (Optional) "Đăng nhập"... WARNED
Tap on (Optional) "Not Now"... WARNED
Assert that id: sc-home is visible... COMPLETED
Tap on (Optional) id: tab-field... WARNED
Tap on (Optional) id: tile-patrol... COMPLETED
Tap on "Tuần đường"... COMPLETED
Assert that id: sc-patrol-home is visible... COMPLETED
Assert that id: patrol-hero is visible... COMPLETED
Tap on "Ghi điểm tuần"... COMPLETED
Assert that id: sheet-checkin is visible... COMPLETED
Assert that id: ci-match-banner is visible... COMPLETED
Assert that id: ci-btn-save is visible... COMPLETED
Assert that (Optional) "Đúng điểm" is visible... WARNED
Assert that "QL.1" is visible... COMPLETED
Tap on id: ci-content... COMPLETED
Input text Mat duong kho, lan can dat... COMPLETED
Tap on (Optional) "Ghi điểm tuần"... COMPLETED
Take screenshot A3-CORE... COMPLETED
Tap on (Optional) id: ci-btn-save... COMPLETED
Tap on (Optional) "Ghi nhận điểm tuần"... COMPLETED
Assert that (Optional) id: sc-checkin-detail is visible... WARNED