Running on iPhone 17 Pro Max - iOS 26.2 - 518BFF77-0941-448B-8D37-67678F4506C7
 > Flow ios
Launch app "org.linmsoft.rmms" with clear state and clear keychain... COMPLETED
Assert that id: sc-home is visible... COMPLETED
Take screenshot A11-LAUNCH... COMPLETED
Tap on id: btn-home-login... COMPLETED
Assert that id: f-user is visible... COMPLETED
Tap on id: f-user... COMPLETED
Erase text... COMPLETED
Input text linm-soft... COMPLETED
Tap on (Optional) "QUẢN LÝ BẢO TRÌ ĐƯỜNG BỘ"... COMPLETED
Tap on id: f-pass... COMPLETED
Erase text... COMPLETED
Input text Linm@2026... COMPLETED
Tap on (Optional) "Not Now"... WARNED
Take screenshot A9-LOGIN... COMPLETED
Tap on (Optional) id: btn-login... COMPLETED
Tap on (Optional) "Đăng nhập"... WARNED
Tap on (Optional) "Not Now"... WARNED
Press Enter key... COMPLETED
Wait for animation to end within 4000 ms... COMPLETED
Assert that id: sc-home is visible... COMPLETED
Tap on (Optional) id: tab-field... WARNED
Tap on (Optional) id: tile-patrol... COMPLETED
Tap on (Optional) "Tuần đường"... COMPLETED
Assert that id: sc-patrol-home is visible... COMPLETED
Assert that id: patrol-hero is visible... COMPLETED
Scroll vertically... COMPLETED
Scroll vertically... COMPLETED
Assert that (Optional) id: row-quick-cam-patrol is visible... COMPLETED
Tap on (Optional) id: row-quick-cam-patrol... COMPLETED
Tap on (Optional) "Thu thập bằng camera"... COMPLETED
Tap on (Optional) "Allow"... WARNED
Tap on (Optional) "OK"... WARNED
Tap on (Optional) "While Using the App"... WARNED
Tap on (Optional) "Allow While Using App"... WARNED
Assert that id: sc-cam-patrol is visible... COMPLETED
Assert that "Thu thập bằng camera" is visible... COMPLETED
Assert that (Optional) id: finder is visible... COMPLETED
Take screenshot A3-CORE... COMPLETED
Scroll vertically... COMPLETED
Take screenshot P6-CORE-2... COMPLETED