Running on Pixel_2
 > Flow android
Launch app "org.linmsoft.rmms" with clear state and clear keychain... COMPLETED
Assert that id: sc-home is visible... COMPLETED
Tap on id: btn-home-login... COMPLETED
Assert that id: f-user is visible... COMPLETED
Tap on id: f-user... COMPLETED
Erase text... COMPLETED
Input text linm-soft... COMPLETED
Tap on "QUẢN LÝ BẢO TRÌ ĐƯỜNG BỘ"... COMPLETED
Tap on id: f-pass... COMPLETED
Erase text... COMPLETED
Input text Linm@2026... COMPLETED
Press Enter key... COMPLETED
Wait for animation to end within 4000 ms... COMPLETED
Tap on (Optional) id: btn-login... WARNED


 Warning: Element not found: Id matching regex: btn-login
Tap on (Optional) "Đăng nhập"... WARNED


 Warning: Element not found: Text matching regex: Đăng nhập
Assert that "Trang Chủ" is visible... COMPLETED
Assert that id: sc-home is visible... COMPLETED
Take screenshot P6-CORE... COMPLETED
Tap on id: tab-field... COMPLETED
Assert that id: sc-patrol-home is visible... COMPLETED
Tap on "Chấm công"... COMPLETED
Assert that id: sc-attendance is visible... COMPLETED
Assert that "Chấm công" is visible... COMPLETED
Assert that "Chấm vào" is visible... COMPLETED
Assert that "7 ngày gần đây" is visible... COMPLETED
Take screenshot P6-CORE-2... COMPLETED
Tap on (Optional) "Báo cáo"... COMPLETED
Assert that (Optional) "Báo cáo công" is visible... COMPLETED
Tap on (Optional) "Tuần đường"... COMPLETED
Assert that (Optional) id: sc-patrol-home is visible... COMPLETED