Running on iPhone 17 Pro Max - iOS 26.2 - 518BFF77-0941-448B-8D37-67678F4506C7
 > Flow crawl-ios
Launch app "com.drvn.rmms" with clear state and clear keychain... COMPLETED
Assert that id: sc-home is visible... COMPLETED
Tap on (Optional) id: btn-home-login... WARNED
Tap on (Optional) "Dành cho cán bộ"... COMPLETED
Assert that id: f-user is visible... COMPLETED
Tap on id: f-user... COMPLETED
Erase text... COMPLETED
Input text rmms-admin... COMPLETED
Tap on (Optional) "QUẢN LÝ BẢO TRÌ ĐƯỜNG BỘ"... COMPLETED
Tap on (Optional) "RMMS"... COMPLETED
Tap on id: f-pass... COMPLETED
Erase text... COMPLETED
Input text RMMS@2026... COMPLETED
Tap on (Optional) "QUẢN LÝ BẢO TRÌ ĐƯỜNG BỘ"... COMPLETED
Tap on (Optional) "RMMS"... COMPLETED
Tap on (Optional) id: btn-login... COMPLETED
Tap on (Optional) "Đăng nhập"... WARNED
Tap on (Optional) "Not Now"... WARNED
Assert that id: home-who is visible... COMPLETED
Tap on (Optional) id: tab-incident... WARNED
Tap on (Optional) "Vấn đề"... COMPLETED
Tap on point (50%,96%)... COMPLETED
Assert that id: sc-incident-list is visible... COMPLETED
Tap on (Optional) id: row-inc-banner-vis... COMPLETED
Tap on (Optional) "Nhận diện MD"... WARNED
Assert that id: sc-vis-capture is visible... COMPLETED
Take screenshot CRAWL-vis... COMPLETED
Tap on (Optional) id: tab-incident... WARNED
Tap on (Optional) "Vấn đề"... COMPLETED
Tap on point (50%,96%)... COMPLETED
Tap on (Optional) "Vấn đề"... COMPLETED
Tap on point (50%,96%)... COMPLETED
Tap on (Optional) id: fab-inc-create... WARNED
Tap on (Optional) "Ghi sự cố"... WARNED
Assert that id: sc-inc-pick is visible... FAILED

Assertion is false: id: sc-inc-pick is visible

Assertion 'id: sc-inc-pick is visible' failed. Check the UI hierarchy in debug artifacts to verify the element state and properties.

Possible causes:
- Element selector may be incorrect - check if there are similar elements with slightly different names/properties.
- Element may be temporarily unavailable due to loading state
- This could be a real regression that needs to be addressed

==== Debug output (logs & screenshots) ====

/Users/mac/LINM-ORG/AI-QLBD/Linm.RMMS.Data/specs/incident-list/qa/screens/_maestro_ios