Running on Pixel_2
 > Flow android
Launch app "org.linmsoft.rmms" with clear state and clear keychain... COMPLETED
Assert that id: sc-home is visible... COMPLETED
Tap on id: btn-home-login... COMPLETED
Assert that id: f-user is visible... COMPLETED
Tap on id: f-user... COMPLETED
Erase text... COMPLETED
Input text linm-soft... COMPLETED
Press Back key... COMPLETED
Tap on id: f-pass... COMPLETED
Erase text... COMPLETED
Input text Linm@2026... COMPLETED
Press Back key... COMPLETED
Scrolling DOWN until id: btn-login is visible with speed 40, visibility percentage 100%, timeout 10000 ms, with centering disabled... COMPLETED
Tap on id: btn-login... COMPLETED
Assert that "Trang Chủ" is visible... COMPLETED
Assert that id: sc-home is visible... COMPLETED
Tap on id: tab-field... COMPLETED
Assert that id: sc-patrol-home is visible... COMPLETED
Assert that id: patrol-hero is visible... COMPLETED
Tap on "Ghi điểm tuần"... COMPLETED
Assert that "Điểm kế hoạch" is visible... COMPLETED
Assert that (Optional) "Đúng điểm" is visible... WARNED


 Warning: Assertion is false: "Đúng điểm" is visible
Take screenshot P6-CORE... COMPLETED
Tap on "Nội dung"... COMPLETED
Input text Mat duong kho, lan can dat... COMPLETED
Wait for animation to end within 2000 ms... COMPLETED
Scroll vertically... COMPLETED
Assert that "Ảnh" is visible... COMPLETED
Take screenshot P6-CORE-2... COMPLETED
Tap on (Optional) "Ghi nhận điểm tuần"... COMPLETED
Tap on (Optional) "Lưu"... COMPLETED
Assert that (Optional) "Đã lưu" is visible... WARNED


 Warning: Assertion is false: "Đã lưu" is visible