Running on iPhone 17 Pro Max - iOS 26.2 - 518BFF77-0941-448B-8D37-67678F4506C7
 > Flow ios
Launch app "org.linmsoft.rmms" with clear state and clear keychain... COMPLETED
Assert that id: sc-home is visible... COMPLETED
Take screenshot A11-LAUNCH... COMPLETED
Tap on id: btn-home-login... COMPLETED
Assert that id: f-user is visible... COMPLETED
Tap on (Optional) id: f-user... COMPLETED
Tap on (Optional) "Tài khoản"... COMPLETED
Input text linm-soft... COMPLETED
Tap on (Optional) "QUẢN LÝ BẢO TRÌ ĐƯỜNG BỘ"... COMPLETED
Tap on (Optional) "RMMS"... COMPLETED
Tap on (Optional) id: f-pass... COMPLETED
Tap on (Optional) "Mật khẩu"... COMPLETED
Input text Linm@2026... COMPLETED
Tap on (Optional) "Not Now"... WARNED
Take screenshot A9-LOGIN... COMPLETED
Tap on (Optional) id: btn-login... COMPLETED
Tap on (Optional) "Đăng nhập"... WARNED
Tap on (Optional) "Not Now"... WARNED
Press Enter key... COMPLETED
Wait for animation to end within 4000 ms... COMPLETED
Assert that id: sc-home is visible... COMPLETED
Tap on (Optional) id: tab-field... WARNED
Tap on (Optional) id: tile-patrol... COMPLETED
Tap on "Tuần đường"... COMPLETED
Assert that id: sc-patrol-home is visible... COMPLETED
Tap on "Chấm công"... COMPLETED
Assert that id: sc-attendance is visible... COMPLETED
Tap on (Optional) id: att-day-demo-day-2... COMPLETED
Tap on "T7 09/08"... COMPLETED
Wait for animation to end within 3000 ms... COMPLETED
Assert that id: sc-attendance-day is visible... COMPLETED
Assert that id: attendance-day-hero is visible... COMPLETED
Assert that id: attendance-day-badge is visible... COMPLETED
Assert that id: attendance-day-range is visible... COMPLETED
Assert that id: attendance-day-route is visible... COMPLETED
Assert that id: attendance-day-count is visible... COMPLETED
Assert that id: attendance-day-section-logs is visible... COMPLETED
Assert that "Chi tiết ngày công" is visible... COMPLETED
Assert that "T7 09/08" is visible... COMPLETED
Assert that "Đủ công" is visible... COMPLETED
Assert that "Khoảng giờ" is visible... COMPLETED
Assert that "Các lần chấm" is visible... COMPLETED
Take screenshot A3-CORE... COMPLETED
Tap on (Optional) id: btn-att-day-back... WARNED