Running on Pixel_2
 > Flow android
Launch app "org.linmsoft.rmms" with clear state and clear keychain... COMPLETED
Assert that id: sc-home is visible... COMPLETED
Tap on id: btn-home-login... COMPLETED
Assert that id: f-user is visible... COMPLETED
Tap on id: f-user... COMPLETED
Erase text... COMPLETED
Input text linm-soft... COMPLETED
Tap on "QUẢN LÝ BẢO TRÌ ĐƯỜNG BỘ"... COMPLETED
Tap on id: f-pass... COMPLETED
Erase text... COMPLETED
Input text Linm@2026... COMPLETED
Press Enter key... COMPLETED
Wait for animation to end within 4000 ms... COMPLETED
Tap on (Optional) id: btn-login... WARNED


 Warning: Element not found: Id matching regex: btn-login
Tap on (Optional) "Đăng nhập"... WARNED


 Warning: Element not found: Text matching regex: Đăng nhập
Assert that "Trang Chủ" is visible... COMPLETED
Assert that id: sc-home is visible... COMPLETED
Scrolling DOWN until id: tile-asset is visible with speed 40, visibility percentage 100%, timeout 15000 ms, with centering disabled... COMPLETED
Tap on id: tile-asset... COMPLETED
Assert that id: sc-asset-hub is visible... COMPLETED
Tap on id: tile-map... COMPLETED
Assert that id: sc-gis-map is visible... COMPLETED
Wait for animation to end within 5000 ms... COMPLETED
Assert that "Bản đồ tài sản" is visible... COMPLETED
Assert that id: mb-osm is visible... COMPLETED
Assert that id: mb-esri is visible... COMPLETED
Assert that id: mb-sat is visible... COMPLETED
Assert that id: mb-fit is visible... COMPLETED
Assert that id: lg-all is visible... COMPLETED
Assert that id: lg-ts is visible... COMPLETED
Assert that id: lg-sc is visible... COMPLETED
Assert that id: btn-gis-back is visible... COMPLETED
Assert that id: btn-gis-list is visible... COMPLETED
Wait for animation to end within 4000 ms... COMPLETED
Take screenshot P6-CORE... COMPLETED
Tap on (Optional) id: mb-esri... COMPLETED
Wait for animation to end within 2000 ms... COMPLETED
Tap on (Optional) id: lg-ts... COMPLETED
Wait for animation to end within 2000 ms... COMPLETED
Take screenshot P6-CORE-2... COMPLETED
Assert that id: sc-gis-map is visible... COMPLETED