Running on iPhone 17 Pro Max - iOS 26.2 - 518BFF77-0941-448B-8D37-67678F4506C7
 > Flow ios
Launch app "org.linmsoft.rmms" with clear state and clear keychain... COMPLETED
Assert that id: sc-home is visible... COMPLETED
Take screenshot A11-LAUNCH... COMPLETED
Tap on id: btn-home-login... COMPLETED
Assert that id: f-user is visible... COMPLETED
Tap on (Optional) id: f-user... COMPLETED
Tap on (Optional) "Tài khoản"... COMPLETED
Input text linm-soft... COMPLETED
Tap on (Optional) "QUẢN LÝ BẢO TRÌ ĐƯỜNG BỘ"... COMPLETED
Tap on (Optional) "RMMS"... COMPLETED
Tap on (Optional) id: f-pass... COMPLETED
Tap on (Optional) "Mật khẩu"... COMPLETED
Input text Linm@2026... COMPLETED
Tap on (Optional) "Not Now"... WARNED
Take screenshot A9-LOGIN... COMPLETED
Tap on (Optional) id: btn-login... COMPLETED
Tap on (Optional) "Đăng nhập"... WARNED
Tap on (Optional) "Not Now"... WARNED
Press Enter key... COMPLETED
Wait for animation to end within 4000 ms... COMPLETED
Assert that id: sc-home is visible... COMPLETED
Tap on id: tile-supervise... COMPLETED
Assert that id: sc-supervise is visible... COMPLETED
Wait for animation to end within 2000 ms... COMPLETED
Assert that id: sup-card-a0000001-2026-0810-0001-000000000001 is visible... COMPLETED
Tap on id: sup-card-a0000001-2026-0810-0001-000000000001... COMPLETED
Wait for animation to end within 3000 ms... COMPLETED
Assert that id: sc-supervise-detail is visible... COMPLETED
Assert that id: value-user is visible... COMPLETED
Assert that id: label-code is visible... COMPLETED
Assert that id: value-code is visible... COMPLETED
Assert that id: row-org is visible... COMPLETED
Assert that id: row-loc is visible... COMPLETED
Assert that id: row-time is visible... COMPLETED
Assert that id: row-status is visible... COMPLETED
Assert that id: row-gps is visible... COMPLETED
Assert that id: row-in-zone is visible... COMPLETED
Assert that id: btn-sup-detail-map is visible... COMPLETED
Assert that "Chi tiết check-in" is visible... COMPLETED
Assert that "Nguyễn Văn A" is visible... COMPLETED
Assert that "Mã" is visible... COMPLETED
Assert that "Xem trên bản đồ" is visible... COMPLETED
Take screenshot A3-CORE... COMPLETED
Tap on (Optional) id: btn-sup-detail-map... COMPLETED
Wait for animation to end within 2000 ms... COMPLETED
Tap on (Optional) id: btn-sup-detail-back... WARNED