Running on iPhone 17 Pro Max - iOS 26.2 - 518BFF77-0941-448B-8D37-67678F4506C7
 > Flow ios
Launch app "org.linmsoft.rmms" with clear state and clear keychain... COMPLETED
Assert that id: sc-home is visible... COMPLETED
Take screenshot A11-LAUNCH... COMPLETED
Tap on (Optional) id: btn-home-login... COMPLETED
Tap on (Optional) "Đăng nhập"... COMPLETED
Assert that id: f-user is visible... COMPLETED
Tap on id: f-user... COMPLETED
Erase text... COMPLETED
Input text linm-soft... COMPLETED
Tap on (Optional) "QUẢN LÝ BẢO TRÌ ĐƯỜNG BỘ"... COMPLETED
Tap on (Optional) "RMMS"... COMPLETED
Tap on id: f-pass... COMPLETED
Erase text... COMPLETED
Input text Linm@2026... COMPLETED
Tap on (Optional) "Not Now"... WARNED
Take screenshot A9-LOGIN... COMPLETED
Tap on (Optional) id: btn-login... COMPLETED
Tap on (Optional) "Đăng nhập"... WARNED
Tap on (Optional) "Not Now"... WARNED
Press Enter key... COMPLETED
Wait for animation to end within 4000 ms... COMPLETED
Assert that id: sc-home is visible... COMPLETED
Tap on (Optional) id: tile-supervise... COMPLETED
Tap on (Optional) "Giám sát"... WARNED
Assert that id: sc-supervise is visible... COMPLETED
Assert that "Giám sát tuần đường" is visible... COMPLETED
Assert that "Danh sách check in" is visible... COMPLETED
Take screenshot A3-CORE... COMPLETED
Tap on (Optional) id: btn-sup-filter... WARNED
Tap on "Lọc"... COMPLETED
Wait for animation to end within 2500 ms... COMPLETED
Assert that "Áp dụng" is visible... COMPLETED
Assert that "Xóa lọc" is visible... COMPLETED
Assert that "Tuyến" is visible... COMPLETED
Tap on (Optional) "Huỷ"... COMPLETED
Tap on (Optional) "Hủy"... WARNED
Wait for animation to end within 2000 ms... COMPLETED
Tap on "Bản đồ"... COMPLETED
Assert that id: sc-patrol-map is visible... COMPLETED
Tap on (Optional) id: btn-sup-back... WARNED
Tap on (Optional) "Trang Chủ"... COMPLETED