Running on iPhone 17 Pro Max - iOS 26.2 - 518BFF77-0941-448B-8D37-67678F4506C7
 > Flow ios
Launch app "org.linmsoft.rmms" with clear state and clear keychain... COMPLETED
Assert that id: sc-home is visible... COMPLETED
Take screenshot A11-LAUNCH... COMPLETED
Tap on id: btn-home-login... COMPLETED
Assert that id: f-user is visible... COMPLETED
Tap on id: f-user... COMPLETED
Erase text... COMPLETED
Input text linm-soft... COMPLETED
Tap on (Optional) "QUẢN LÝ BẢO TRÌ ĐƯỜNG BỘ"... COMPLETED
Tap on id: f-pass... COMPLETED
Erase text... COMPLETED
Input text Linm@2026... COMPLETED
Tap on (Optional) "Not Now"... WARNED
Take screenshot A9-LOGIN... COMPLETED
Tap on (Optional) id: btn-login... COMPLETED
Tap on (Optional) "Đăng nhập"... WARNED
Tap on (Optional) "Not Now"... WARNED
Press Enter key... COMPLETED
Wait for animation to end within 4000 ms... COMPLETED
Assert that id: sc-home is visible... COMPLETED
Scrolling DOWN until id: tile-asset is visible with speed 40, visibility percentage 100%, timeout 15000 ms, with centering disabled... COMPLETED
Tap on id: tile-asset... COMPLETED
Assert that id: sc-asset-hub is visible... COMPLETED
Tap on id: tile-list... COMPLETED
Assert that id: sc-asset-list is visible... COMPLETED
Assert that ".*KM-QL1-NA-461.*" is visible... COMPLETED
Wait for animation to end within 2000 ms... COMPLETED
Assert that id: row-asset-0 is visible... COMPLETED
Tap on id: row-asset-0... COMPLETED
Assert that id: sc-asset-detail is visible... COMPLETED
Assert that id: label-code is visible... FAILED

Assertion is false: id: label-code is visible

Assertion 'id: label-code is visible' failed. Check the UI hierarchy in debug artifacts to verify the element state and properties.

Possible causes:
- Element selector may be incorrect - check if there are similar elements with slightly different names/properties.
- Element may be temporarily unavailable due to loading state
- This could be a real regression that needs to be addressed

==== Debug output (logs & screenshots) ====

/Users/mac/.maestro/tests/2026-08-31_051357