Running on Pixel_2
 > Flow android
Launch app "org.linmsoft.rmms" with clear state and clear keychain... COMPLETED
Assert that id: sc-home is visible... COMPLETED
Tap on (Optional) id: btn-home-login... COMPLETED
Tap on (Optional) "Đăng nhập"... COMPLETED
Assert that id: f-user is visible... COMPLETED
Tap on id: f-user... COMPLETED
Erase text... COMPLETED
Input text linm-soft... COMPLETED
Tap on "QUẢN LÝ BẢO TRÌ ĐƯỜNG BỘ"... COMPLETED
Tap on id: f-pass... COMPLETED
Erase text... COMPLETED
Input text Linm@2026... COMPLETED
Press Enter key... COMPLETED
Wait for animation to end within 4000 ms... COMPLETED
Tap on (Optional) id: btn-login... WARNED


 Warning: Element not found: Id matching regex: btn-login
Tap on (Optional) "Đăng nhập"... WARNED


 Warning: Element not found: Text matching regex: Đăng nhập
Assert that "Trang Chủ" is visible... COMPLETED
Assert that id: sc-home is visible... COMPLETED
Tap on (Optional) id: tile-supervise... COMPLETED
Tap on (Optional) "Giám sát"... WARNED


 Warning: Element not found: Text matching regex: Giám sát
Assert that id: sc-supervise is visible... COMPLETED
Assert that "Giám sát tuần đường" is visible... COMPLETED
Assert that "Danh sách check in" is visible... COMPLETED
Take screenshot P6-CORE... COMPLETED
Tap on (Optional) id: btn-sup-filter... COMPLETED
Tap on (Optional) "Lọc"... COMPLETED
Assert that "Lọc tuyến · ngày" is visible... COMPLETED
Take screenshot P6-CORE-2... COMPLETED
Tap on "Bản đồ"... COMPLETED
Assert that "Bản đồ" is visible... COMPLETED
Tap on (Optional) id: btn-sup-back... COMPLETED