Running on Pixel_2
 > Flow android
Launch app "org.linmsoft.rmms" with clear state and clear keychain... COMPLETED
Assert that id: sc-home is visible... COMPLETED
Tap on id: btn-home-login... COMPLETED
Assert that id: f-user is visible... COMPLETED
Tap on id: f-user... COMPLETED
Erase text... COMPLETED
Input text linm-soft... COMPLETED
Tap on "QUẢN LÝ BẢO TRÌ ĐƯỜNG BỘ"... COMPLETED
Tap on id: f-pass... COMPLETED
Erase text... COMPLETED
Input text Linm@2026... COMPLETED
Press Enter key... COMPLETED
Wait for animation to end within 4000 ms... COMPLETED
Tap on (Optional) id: btn-login... WARNED


 Warning: Element not found: Id matching regex: btn-login
Tap on (Optional) "Đăng nhập"... WARNED


 Warning: Element not found: Text matching regex: Đăng nhập
Assert that "Trang Chủ" is visible... COMPLETED
Assert that id: sc-home is visible... COMPLETED
Scrolling DOWN until id: tile-asset is visible with speed 40, visibility percentage 100%, timeout 15000 ms, with centering disabled... COMPLETED
Tap on id: tile-asset... COMPLETED
Assert that id: sc-asset-hub is visible... COMPLETED
Assert that id: tile-collect is visible... COMPLETED
Tap on id: tile-collect... COMPLETED
Assert that id: sc-asset-collect is visible... COMPLETED
Assert that "Thu thập thủ công" is visible... COMPLETED
Assert that id: select-type is visible... COMPLETED
Assert that id: input-name is visible... COMPLETED
Assert that id: select-status is visible... COMPLETED
Tap on id: input-name... COMPLETED
Erase text... COMPLETED
Input text E2E cột km QA... COMPLETED
Tap on (Optional) "Thu thập thủ công"... COMPLETED
Take screenshot P6-CORE... COMPLETED
Scrolling DOWN until id: btn-add-asset is visible with speed 40, visibility percentage 100%, timeout 15000 ms, with centering disabled... COMPLETED
Assert that id: photo-row is visible... COMPLETED
Assert that id: i-camera is visible... COMPLETED
Assert that id: btn-add-asset is visible... COMPLETED
Take screenshot P6-CORE-2... COMPLETED
Assert that id: sc-asset-collect is visible... COMPLETED