Running on iPhone 17 Pro Max - iOS 26.2 - 518BFF77-0941-448B-8D37-67678F4506C7
 > Flow ios
Launch app "org.linmsoft.rmms" with clear state and clear keychain... COMPLETED
Assert that id: sc-home is visible... COMPLETED
Take screenshot A11-LAUNCH... COMPLETED
Tap on id: btn-home-login... COMPLETED
Assert that id: f-user is visible... COMPLETED
Tap on id: f-user... COMPLETED
Erase text... COMPLETED
Input text linm-soft... COMPLETED
Tap on (Optional) "QUẢN LÝ BẢO TRÌ ĐƯỜNG BỘ"... COMPLETED
Tap on id: f-pass... COMPLETED
Erase text... COMPLETED
Input text Linm@2026... COMPLETED
Tap on (Optional) "Not Now"... WARNED
Take screenshot A9-LOGIN... COMPLETED
Tap on (Optional) id: btn-login... COMPLETED
Tap on (Optional) "Đăng nhập"... WARNED
Tap on (Optional) "Not Now"... WARNED
Press Enter key... COMPLETED
Wait for animation to end within 4000 ms... COMPLETED
Assert that id: sc-home is visible... COMPLETED
Scrolling DOWN until id: tile-asset is visible with speed 40, visibility percentage 100%, timeout 15000 ms, with centering disabled... COMPLETED
Tap on id: tile-asset... COMPLETED
Assert that id: sc-asset-hub is visible... COMPLETED
Tap on id: tile-list... COMPLETED
Assert that id: sc-asset-list is visible... COMPLETED
Assert that id: asset-list-search is visible... COMPLETED
Assert that id: row-asset-0 is visible... COMPLETED
Assert that "Danh sách" is visible... COMPLETED
Take screenshot A3-CORE... COMPLETED
Assert that id: sc-asset-list is visible... COMPLETED