Running on iPhone 17 Pro Max - iOS 26.2 - 518BFF77-0941-448B-8D37-67678F4506C7
 > Flow ios
Launch app "com.drvn.rmms.store" with clear state and clear keychain... COMPLETED
Assert that id: sc-home is visible... COMPLETED
Take screenshot A11-LAUNCH... COMPLETED
Tap on (Optional) id: btn-home-login... WARNED
Tap on (Optional) "Đăng nhập"... COMPLETED
Tap on (Optional) "Dành cho cán bộ"... WARNED
Assert that id: f-user is visible... COMPLETED
Tap on id: f-user... COMPLETED
Erase text... COMPLETED
Input text linm-soft... COMPLETED
Tap on (Optional) "QUẢN LÝ BẢO TRÌ ĐƯỜNG BỘ"... COMPLETED
Tap on id: f-pass... COMPLETED
Erase text... COMPLETED
Input text Linm@2026... COMPLETED
Tap on (Optional) "Not Now"... WARNED
Take screenshot A9-LOGIN... COMPLETED
Tap on (Optional) id: btn-login... COMPLETED
Tap on (Optional) "Đăng nhập"... WARNED
Tap on (Optional) "Not Now"... WARNED
Press Enter key... COMPLETED
Wait for animation to end within 4000 ms... COMPLETED
Assert that id: sc-home is visible... COMPLETED
Scrolling DOWN until id: tile-mnt is visible with speed 40, visibility percentage 100%, timeout 15000 ms, with centering disabled... COMPLETED
Tap on (Optional) id: tile-mnt... COMPLETED
Tap on (Optional) id: tab-work... WARNED
Assert that id: sc-mnt-list is visible... COMPLETED
Assert that "Danh sách công việc" is visible... COMPLETED
Assert that id: row-mnt-hub is visible... COMPLETED
Scrolling DOWN until id: btn-mnt-log-b59fd74d-8b46-4bff-9127-5dc889c8174c is visible with speed 40, visibility percentage 100%, timeout 20000 ms, with centering disabled... WARNED
Tap on (Optional) id: btn-mnt-log-b59fd74d-8b46-4bff-9127-5dc889c8174c... WARNED
Tap on (Optional) id: btn-mnt-log-f9d4817e-56a1-467d-a17d-443b6f2e8838... WARNED
Tap on (Optional) "Nhật ký xử lý"... COMPLETED
Assert that id: sc-mnt-log is visible... COMPLETED
Assert that "Nhật ký xử lý" is visible... COMPLETED
Assert that id: wo-header is visible... COMPLETED
Assert that id: section-log is visible... COMPLETED
Take screenshot A3-CORE... COMPLETED
Picked up JAVA_TOOL_OPTIONS: -Xmx4g
Picked up JAVA_TOOL_OPTIONS: -Xmx4g