Running on iPhone 17 Pro Max - iOS 26.2 - 518BFF77-0941-448B-8D37-67678F4506C7
 > Flow ios
Launch app "org.linmsoft.rmms" with clear state and clear keychain... COMPLETED
Assert that id: sc-home is visible... COMPLETED
Take screenshot A11-LAUNCH... COMPLETED
Tap on id: btn-home-login... COMPLETED
Assert that id: f-user is visible... COMPLETED
Tap on (Optional) id: f-user... COMPLETED
Tap on (Optional) "Tài khoản"... COMPLETED
Input text linm-soft... COMPLETED
Tap on (Optional) id: f-pass... COMPLETED
Tap on (Optional) "Mật khẩu"... COMPLETED
Input text Linm@2026... COMPLETED
Tap on (Optional) "RMMS"... COMPLETED
Take screenshot A9-LOGIN... COMPLETED
Tap on (Optional) id: btn-login... COMPLETED
Tap on (Optional) "Đăng nhập"... WARNED
Tap on (Optional) "Not Now"... WARNED
Assert that id: sc-home is visible... COMPLETED
Scrolling DOWN until id: tile-mnt is visible with speed 40, visibility percentage 100%, timeout 15000 ms, with centering disabled... COMPLETED
Tap on (Optional) id: tile-mnt... COMPLETED
Tap on (Optional) id: tab-work... WARNED
Assert that id: sc-mnt-list is visible... COMPLETED
Assert that "Danh sách công việc" is visible... COMPLETED
Assert that "Giao việc xử lý" is visible... COMPLETED
Assert that "Vá mặt đường" is visible... COMPLETED
Assert that "Tình trạng xử lý: Chờ xử lý" is visible... COMPLETED
Assert that id: row-mnt-hub is visible... COMPLETED
Assert that id: mnt-search is visible... COMPLETED
Take screenshot A3-CORE... COMPLETED